C:\Users\Andrew\Documents\_FCSA\MakeCTEdll\MakeCTEdll\\_build\x64\Release\CTE.dll
C:\Users\Andrew\Documents\_FCSA\MakeCTEdll\MakeCTEdll\\_build\x64\Release\CTE.ilk
C:\Users\Andrew\Documents\_FCSA\MakeCTEdll\MakeCTEdll\\_build\x64\Release\CTE.pdb
C:\USERS\ANDREW\DOCUMENTS\_FCSA\MAKECTEDLL\MAKECTEDLL\_BUILD\X64\RELEASE\CTE.DLL
C:\USERS\ANDREW\DOCUMENTS\_FCSA\MAKECTEDLL\MAKECTEDLL\_BUILD\X64\RELEASE\CTE.ILK
C:\USERS\ANDREW\DOCUMENTS\_FCSA\MAKECTEDLL\MAKECTEDLL\_BUILD\X64\RELEASE\CTE.PDB
C:\Users\Andrew\Documents\_FCSA\MakeCTEdll\MakeCTEdll\_intermediate\x64\Release\cl.command.1.tlog
C:\Users\Andrew\Documents\_FCSA\MakeCTEdll\MakeCTEdll\_intermediate\x64\Release\CL.read.1.tlog
C:\Users\Andrew\Documents\_FCSA\MakeCTEdll\MakeCTEdll\_intermediate\x64\Release\CL.write.1.tlog
C:\USERS\ANDREW\DOCUMENTS\_FCSA\MAKECTEDLL\MAKECTEDLL\_INTERMEDIATE\X64\RELEASE\CTE.DLL.EMBED.MANIFEST
C:\USERS\ANDREW\DOCUMENTS\_FCSA\MAKECTEDLL\MAKECTEDLL\_INTERMEDIATE\X64\RELEASE\CTE.DLL.EMBED.MANIFEST.RES
C:\USERS\ANDREW\DOCUMENTS\_FCSA\MAKECTEDLL\MAKECTEDLL\_INTERMEDIATE\X64\RELEASE\CTE.DLL.INTERMEDIATE.MANIFEST
C:\USERS\ANDREW\DOCUMENTS\_FCSA\MAKECTEDLL\MAKECTEDLL\_INTERMEDIATE\X64\RELEASE\CTE.PCH
C:\Users\Andrew\Documents\_FCSA\MakeCTEdll\MakeCTEdll\_intermediate\x64\Release\CTE_manifest.rc
C:\USERS\ANDREW\DOCUMENTS\_FCSA\MAKECTEDLL\MAKECTEDLL\_INTERMEDIATE\X64\RELEASE\DLLMAIN.OBJ
C:\Users\Andrew\Documents\_FCSA\MakeCTEdll\MakeCTEdll\_intermediate\x64\Release\link.7548.read.1.tlog
C:\Users\Andrew\Documents\_FCSA\MakeCTEdll\MakeCTEdll\_intermediate\x64\Release\link.7548.write.1.tlog
C:\Users\Andrew\Documents\_FCSA\MakeCTEdll\MakeCTEdll\_intermediate\x64\Release\link.7548-cvtres.read.1.tlog
C:\Users\Andrew\Documents\_FCSA\MakeCTEdll\MakeCTEdll\_intermediate\x64\Release\link.7548-cvtres.write.1.tlog
C:\Users\Andrew\Documents\_FCSA\MakeCTEdll\MakeCTEdll\_intermediate\x64\Release\link.command.1.tlog
C:\Users\Andrew\Documents\_FCSA\MakeCTEdll\MakeCTEdll\_intermediate\x64\Release\link.read.1.tlog
C:\Users\Andrew\Documents\_FCSA\MakeCTEdll\MakeCTEdll\_intermediate\x64\Release\link.write.1.tlog
C:\Users\Andrew\Documents\_FCSA\MakeCTEdll\MakeCTEdll\_intermediate\x64\Release\link-cvtres.read.1.tlog
C:\Users\Andrew\Documents\_FCSA\MakeCTEdll\MakeCTEdll\_intermediate\x64\Release\link-cvtres.write.1.tlog
C:\USERS\ANDREW\DOCUMENTS\_FCSA\MAKECTEDLL\MAKECTEDLL\_INTERMEDIATE\X64\RELEASE\MAKECTEDLL.OBJ
C:\Users\Andrew\Documents\_FCSA\MakeCTEdll\MakeCTEdll\_intermediate\x64\Release\MakeCTEdll.write.1.tlog
C:\Users\Andrew\Documents\_FCSA\MakeCTEdll\MakeCTEdll\_intermediate\x64\Release\mt.command.1.tlog
C:\Users\Andrew\Documents\_FCSA\MakeCTEdll\MakeCTEdll\_intermediate\x64\Release\mt.read.1.tlog
C:\Users\Andrew\Documents\_FCSA\MakeCTEdll\MakeCTEdll\_intermediate\x64\Release\mt.write.1.tlog
C:\Users\Andrew\Documents\_FCSA\MakeCTEdll\MakeCTEdll\_intermediate\x64\Release\rc.command.1.tlog
C:\Users\Andrew\Documents\_FCSA\MakeCTEdll\MakeCTEdll\_intermediate\x64\Release\rc.read.1.tlog
C:\Users\Andrew\Documents\_FCSA\MakeCTEdll\MakeCTEdll\_intermediate\x64\Release\rc.write.1.tlog
C:\USERS\ANDREW\DOCUMENTS\_FCSA\MAKECTEDLL\MAKECTEDLL\_INTERMEDIATE\X64\RELEASE\STDAFX.OBJ
C:\USERS\ANDREW\DOCUMENTS\_FCSA\MAKECTEDLL\MAKECTEDLL\_INTERMEDIATE\X64\RELEASE\VC100.PDB
C:\Users\Andrew\Documents\_FCSA\MakeCTEdll\MakeCTEdll\CTE.exp
C:\Users\Andrew\Documents\_FCSA\MakeCTEdll\MakeCTEdll\CTE.lib
