Build started 4/9/2018 10:22:30 AM.
     1>Project "C:\Users\Andrew\Documents\_FCSA\MakeCTEdll\MakeCTEdll\MakeCTEdll.vcxproj" on node 2 (rebuild target(s)).
     1>_PrepareForClean:
         Deleting file "C:\Users\Andrew\Documents\_FCSA\MakeCTEdll\MakeCTEdll\\_intermediate\x64\Release\MakeCTEdll.lastbuildstate".
       InitializeBuildStatus:
         Creating "C:\Users\Andrew\Documents\_FCSA\MakeCTEdll\MakeCTEdll\\_intermediate\x64\Release\MakeCTEdll.unsuccessfulbuild" because "AlwaysCreate" was specified.
       ClCompile:
         C:\Program Files (x86)\Microsoft Visual Studio 10.0\VC\bin\x86_amd64\CL.exe /c /Zi /nologo /W4 /WX- /Od /Ob1 /Oi /Oy- /D WIN32 /D NDEBUG /D _WINDOWS /D _USRDLL /D MAKECTEDLL_EXPORTS /D _WINDLL /GF /Gm- /EHa /RTC1 /MD /GS- /Gy- /fp:precise /fp:except /Zc:wchar_t /Zc:forScope /Yc"StdAfx.h" /Fp"C:\Users\Andrew\Documents\_FCSA\MakeCTEdll\MakeCTEdll\\_intermediate\x64\Release\CTE.pch" /Fo"C:\Users\Andrew\Documents\_FCSA\MakeCTEdll\MakeCTEdll\\_intermediate\x64\Release\\" /Fd"C:\Users\Andrew\Documents\_FCSA\MakeCTEdll\MakeCTEdll\\_intermediate\x64\Release\vc100.pdb" /Gd /TP /errorReport:prompt stdafx.cpp
         stdafx.cpp
         C:\Program Files (x86)\Microsoft Visual Studio 10.0\VC\bin\x86_amd64\CL.exe /c /Zi /nologo /W4 /WX- /Od /Ob1 /Oi /Oy- /D WIN32 /D NDEBUG /D _WINDOWS /D _USRDLL /D MAKECTEDLL_EXPORTS /D _WINDLL /GF /Gm- /EHa /RTC1 /MD /GS- /Gy- /fp:precise /fp:except /Zc:wchar_t /Zc:forScope /Fo"C:\Users\Andrew\Documents\_FCSA\MakeCTEdll\MakeCTEdll\\_intermediate\x64\Release\\" /Fd"C:\Users\Andrew\Documents\_FCSA\MakeCTEdll\MakeCTEdll\\_intermediate\x64\Release\vc100.pdb" /Gd /TP /errorReport:prompt dllmain.cpp
         dllmain.cpp
     1>dllmain.cpp(7): warning C4100: 'lpReserved' : unreferenced formal parameter
     1>dllmain.cpp(4): warning C4100: 'hModule' : unreferenced formal parameter
         C:\Program Files (x86)\Microsoft Visual Studio 10.0\VC\bin\x86_amd64\CL.exe /c /Zi /nologo /W4 /WX- /Od /Ob1 /Oi /Oy- /D WIN32 /D NDEBUG /D _WINDOWS /D _USRDLL /D MAKECTEDLL_EXPORTS /D _WINDLL /GF /Gm- /EHa /RTC1 /MD /GS- /Gy- /fp:precise /fp:except /Zc:wchar_t /Zc:forScope /Fo"C:\Users\Andrew\Documents\_FCSA\MakeCTEdll\MakeCTEdll\\_intermediate\x64\Release\\" /Fd"C:\Users\Andrew\Documents\_FCSA\MakeCTEdll\MakeCTEdll\\_intermediate\x64\Release\vc100.pdb" /Gd /TP /errorReport:prompt MakeCTEdll.cpp
         MakeCTEdll.cpp
       ManifestResourceCompile:
         C:\Program Files (x86)\Microsoft SDKs\Windows\v7.0A\bin\rc.exe /nologo /fo"C:\Users\Andrew\Documents\_FCSA\MakeCTEdll\MakeCTEdll\\_intermediate\x64\Release\CTE.dll.embed.manifest.res" C:\Users\Andrew\Documents\_FCSA\MakeCTEdll\MakeCTEdll\\_intermediate\x64\Release\CTE_manifest.rc 
       Link:
         C:\Program Files (x86)\Microsoft Visual Studio 10.0\VC\bin\x86_amd64\link.exe /ERRORREPORT:PROMPT /OUT:"C:\Users\Andrew\Documents\_FCSA\MakeCTEdll\MakeCTEdll\\_build\x64\Release\CTE.dll" /INCREMENTAL /NOLOGO /LIBPATH:"C:\Users\Andrew\Documents\_FCSA\MakeCTEdll\MakeCTEdll\fcsa_mfc(All Versions)" fcsa_mfc_x64_20160711.lib kernel32.lib user32.lib gdi32.lib winspool.lib comdlg32.lib advapi32.lib shell32.lib ole32.lib oleaut32.lib uuid.lib odbc32.lib odbccp32.lib kernel32.lib user32.lib gdi32.lib winspool.lib comdlg32.lib advapi32.lib shell32.lib ole32.lib oleaut32.lib uuid.lib odbc32.lib odbccp32.lib /DEF:"CTE.def" /MANIFEST /ManifestFile:"C:\Users\Andrew\Documents\_FCSA\MakeCTEdll\MakeCTEdll\\_intermediate\x64\Release\CTE.dll.intermediate.manifest" /MANIFESTUAC:"level='asInvoker' uiAccess='false'" /DEBUG /PDB:"C:\Users\Andrew\Documents\_FCSA\MakeCTEdll\MakeCTEdll\_build\x64\Release\CTE.pdb" /SUBSYSTEM:CONSOLE /OPT:NOREF /OPT:NOICF /TLBID:1 /DYNAMICBASE /NXCOMPAT /IMPLIB:"C:\Users\Andrew\Documents\_FCSA\MakeCTEdll\MakeCTEdll\\_build\x64\Release\CTE.lib" /MACHINE:X64 /DLL C:\Users\Andrew\Documents\_FCSA\MakeCTEdll\MakeCTEdll\\_intermediate\x64\Release\CTE.dll.embed.manifest.res
         C:\Users\Andrew\Documents\_FCSA\MakeCTEdll\MakeCTEdll\\_intermediate\x64\Release\dllmain.obj
         C:\Users\Andrew\Documents\_FCSA\MakeCTEdll\MakeCTEdll\\_intermediate\x64\Release\MakeCTEdll.obj
         C:\Users\Andrew\Documents\_FCSA\MakeCTEdll\MakeCTEdll\\_intermediate\x64\Release\stdafx.obj
            Creating library C:\Users\Andrew\Documents\_FCSA\MakeCTEdll\MakeCTEdll\\_build\x64\Release\CTE.lib and object C:\Users\Andrew\Documents\_FCSA\MakeCTEdll\MakeCTEdll\\_build\x64\Release\CTE.exp
     1>MSVCRT.lib(cinitexe.obj) : warning LNK4098: defaultlib 'libcmt.lib' conflicts with use of other libs; use /NODEFAULTLIB:library
         MakeCTEdll.vcxproj -> C:\Users\Andrew\Documents\_FCSA\MakeCTEdll\MakeCTEdll\\_build\x64\Release\CTE.dll
       Manifest:
         Deleting file "C:\Users\Andrew\Documents\_FCSA\MakeCTEdll\MakeCTEdll\\_intermediate\x64\Release\CTE.dll.embed.manifest".
         C:\Program Files (x86)\Microsoft SDKs\Windows\v7.0A\bin\mt.exe /nologo /verbose /out:"C:\Users\Andrew\Documents\_FCSA\MakeCTEdll\MakeCTEdll\\_intermediate\x64\Release\CTE.dll.embed.manifest" /manifest C:\Users\Andrew\Documents\_FCSA\MakeCTEdll\MakeCTEdll\\_intermediate\x64\Release\CTE.dll.intermediate.manifest
         C:\Program Files (x86)\Microsoft SDKs\Windows\v7.0A\bin\rc.exe /nologo /fo"C:\Users\Andrew\Documents\_FCSA\MakeCTEdll\MakeCTEdll\\_intermediate\x64\Release\CTE.dll.embed.manifest.res" C:\Users\Andrew\Documents\_FCSA\MakeCTEdll\MakeCTEdll\\_intermediate\x64\Release\CTE_manifest.rc 
       LinkEmbedManifest:
         C:\Program Files (x86)\Microsoft Visual Studio 10.0\VC\bin\x86_amd64\link.exe /ERRORREPORT:PROMPT /OUT:"C:\Users\Andrew\Documents\_FCSA\MakeCTEdll\MakeCTEdll\\_build\x64\Release\CTE.dll" /INCREMENTAL /NOLOGO /LIBPATH:"C:\Users\Andrew\Documents\_FCSA\MakeCTEdll\MakeCTEdll\fcsa_mfc(All Versions)" fcsa_mfc_x64_20160711.lib kernel32.lib user32.lib gdi32.lib winspool.lib comdlg32.lib advapi32.lib shell32.lib ole32.lib oleaut32.lib uuid.lib odbc32.lib odbccp32.lib kernel32.lib user32.lib gdi32.lib winspool.lib comdlg32.lib advapi32.lib shell32.lib ole32.lib oleaut32.lib uuid.lib odbc32.lib odbccp32.lib /DEF:"CTE.def" /MANIFEST /ManifestFile:"C:\Users\Andrew\Documents\_FCSA\MakeCTEdll\MakeCTEdll\\_intermediate\x64\Release\CTE.dll.intermediate.manifest" /MANIFESTUAC:"level='asInvoker' uiAccess='false'" /DEBUG /PDB:"C:\Users\Andrew\Documents\_FCSA\MakeCTEdll\MakeCTEdll\_build\x64\Release\CTE.pdb" /SUBSYSTEM:CONSOLE /OPT:NOREF /OPT:NOICF /TLBID:1 /DYNAMICBASE /NXCOMPAT /IMPLIB:"C:\Users\Andrew\Documents\_FCSA\MakeCTEdll\MakeCTEdll\\_build\x64\Release\CTE.lib" /MACHINE:X64 /DLL C:\Users\Andrew\Documents\_FCSA\MakeCTEdll\MakeCTEdll\\_intermediate\x64\Release\CTE.dll.embed.manifest.res
         C:\Users\Andrew\Documents\_FCSA\MakeCTEdll\MakeCTEdll\\_intermediate\x64\Release\dllmain.obj
         C:\Users\Andrew\Documents\_FCSA\MakeCTEdll\MakeCTEdll\\_intermediate\x64\Release\MakeCTEdll.obj
         C:\Users\Andrew\Documents\_FCSA\MakeCTEdll\MakeCTEdll\\_intermediate\x64\Release\stdafx.obj
            Creating library C:\Users\Andrew\Documents\_FCSA\MakeCTEdll\MakeCTEdll\\_build\x64\Release\CTE.lib and object C:\Users\Andrew\Documents\_FCSA\MakeCTEdll\MakeCTEdll\\_build\x64\Release\CTE.exp
     1>MSVCRT.lib(cinitexe.obj) : warning LNK4098: defaultlib 'libcmt.lib' conflicts with use of other libs; use /NODEFAULTLIB:library
         MakeCTEdll.vcxproj -> C:\Users\Andrew\Documents\_FCSA\MakeCTEdll\MakeCTEdll\\_build\x64\Release\CTE.dll
       FinalizeBuildStatus:
         Deleting file "C:\Users\Andrew\Documents\_FCSA\MakeCTEdll\MakeCTEdll\\_intermediate\x64\Release\MakeCTEdll.unsuccessfulbuild".
         Touching "C:\Users\Andrew\Documents\_FCSA\MakeCTEdll\MakeCTEdll\\_intermediate\x64\Release\MakeCTEdll.lastbuildstate".
     1>Done Building Project "C:\Users\Andrew\Documents\_FCSA\MakeCTEdll\MakeCTEdll\MakeCTEdll.vcxproj" (rebuild target(s)).

Build succeeded.

Time Elapsed 00:00:02.26
